> A <- matrix(c(1,2,3,0,4,1,0,0,1), nrow=3, ncol=3)
> A
     [,1] [,2] [,3]
[1,]    1    0    0
[2,]    2    4    0
[3,]    3    1    1
> C <- solve (A)
> C
     [,1]  [,2] [,3]
[1,]  1.0  0.00    0
[2,] -0.5  0.25    0
[3,] -2.5 -0.25    1
> v<-makeCacheMatrix(A)
> v$set(A) 
> cacheSolve(v)
     [,1]  [,2] [,3]
[1,]  1.0  0.00    0
[2,] -0.5  0.25    0
[3,] -2.5 -0.25    1
> cacheSolve(v)
getting cached data
     [,1]  [,2] [,3]
[1,]  1.0  0.00    0
[2,] -0.5  0.25    0
[3,] -2.5 -0.25    1
> v$set(C)
> v$get()
     [,1]  [,2] [,3]
[1,]  1.0  0.00    0
[2,] -0.5  0.25    0
[3,] -2.5 -0.25    1
> cacheSolve(v)
     [,1] [,2] [,3]
[1,]    1    0    0
[2,]    2    4    0
[3,]    3    1    1
> cacheSolve(v)
getting cached data
     [,1] [,2] [,3]
[1,]    1    0    0
[2,]    2    4    0
[3,]    3    1    1
> 